-102.479
-73.3497
-32.0694
-6.04484
-191.66
-62.7462
-48.6689
-69.77
-130.594
-70.7464